2026-09-28 13:31:19,377 [INFO] ModelTrainer: ==================================================
2026-09-28 13:31:19,377 [INFO] ModelTrainer: Starting Bank Loan Model Training Pipeline
2026-09-28 13:31:19,377 [INFO] ModelTrainer: ==================================================
2026-09-28 13:31:19,394 [INFO] ModelTrainer: Loaded training data 'BANK LOAN.csv' (700 rows, 8 columns)
2026-09-28 13:31:19,394 [INFO] ModelTrainer: Identified target column: 'DEFAULTER'
2026-09-28 13:31:19,395 [INFO] ModelTrainer: Feature set initialized with 6 variables: ['AGE', 'EMPLOY', 'ADDRESS', 'DEBTINC', 'CREDDEBT', 'OTHDEBT']
2026-09-28 13:31:19,395 [INFO] ModelTrainer: Fitting Random Forest Classifier with 500 trees (random_state=42)...
2026-09-28 13:31:19,976 [INFO] ModelTrainer: Random Forest training completed successfully.
2026-09-28 13:31:20,025 [INFO] ModelTrainer: Training Set Accuracy: 100.00%
2026-09-28 13:31:20,131 [INFO] ModelTrainer: Saved model artifacts: 'rf_bank_model.pkl' and 'model_features.pkl'
2026-09-28 13:31:20,140 [INFO] ModelTrainer: Loaded test data 'BANK_LOAN_TEST.csv' (10 rows)
2026-09-28 13:31:20,172 [INFO] ModelTrainer: Saved test predictions to 'BANK_LOAN_TEST_Predictions.csv'
2026-09-28 13:31:20,173 [INFO] ModelTrainer: Running Data Drift Detection (Threshold: 10%)...
2026-09-28 13:31:20,173 [WARNING] ModelTrainer: Data Drift Detected in 'AGE'! Train Mean: 1.90 -> Test Mean: 2.10 (Shift: 10.4%)
2026-09-28 13:31:20,174 [WARNING] ModelTrainer: Data Drift Detected in 'DEBTINC'! Train Mean: 10.26 -> Test Mean: 14.00 (Shift: 36.4%)
2026-09-28 13:31:20,174 [WARNING] ModelTrainer: Data Drift Detected in 'CREDDEBT'! Train Mean: 1.55 -> Test Mean: 2.64 (Shift: 69.8%)
2026-09-28 13:31:20,174 [WARNING] ModelTrainer: Data Drift Detected in 'OTHDEBT'! Train Mean: 3.06 -> Test Mean: 4.06 (Shift: 32.6%)
2026-09-28 13:31:20,174 [INFO] ModelTrainer: Pipeline execution complete.
2026-09-28 13:34:45,612 [INFO] ModelTrainer: ==================================================
2026-09-28 13:34:45,613 [INFO] ModelTrainer: Starting Bank Loan Model Training Pipeline
2026-09-28 13:34:45,613 [INFO] ModelTrainer: ==================================================
2026-09-28 13:34:45,614 [INFO] ModelTrainer: Loaded training data 'BANK LOAN.csv' (700 rows, 8 columns)
2026-09-28 13:34:45,615 [INFO] ModelTrainer: Identified target column: 'DEFAULTER'
2026-09-28 13:34:45,615 [INFO] ModelTrainer: Feature set initialized with 6 variables: ['AGE', 'EMPLOY', 'ADDRESS', 'DEBTINC', 'CREDDEBT', 'OTHDEBT']
2026-09-28 13:34:45,615 [INFO] ModelTrainer: Fitting Random Forest Classifier with 500 trees (random_state=42)...
2026-09-28 13:34:46,164 [INFO] ModelTrainer: Random Forest training completed successfully.
2026-09-28 13:34:46,207 [INFO] ModelTrainer: Training Set Accuracy: 89.43%
2026-09-28 13:34:46,309 [INFO] ModelTrainer: Saved model artifacts: 'rf_bank_model.pkl' and 'model_features.pkl'
2026-09-28 13:34:46,310 [INFO] ModelTrainer: Loaded test data 'BANK_LOAN_TEST.csv' (10 rows)
2026-09-28 13:34:46,337 [INFO] ModelTrainer: Saved test predictions to 'BANK_LOAN_TEST_Predictions.csv'
2026-09-28 13:34:46,337 [INFO] ModelTrainer: Running Data Drift Detection (Threshold: 10%)...
2026-09-28 13:34:46,339 [WARNING] ModelTrainer: Data Drift Detected in 'AGE'! Train Mean: 1.90 -> Test Mean: 2.10 (Shift: 10.4%)
2026-09-28 13:34:46,339 [WARNING] ModelTrainer: Data Drift Detected in 'DEBTINC'! Train Mean: 10.26 -> Test Mean: 14.00 (Shift: 36.4%)
2026-09-28 13:34:46,339 [WARNING] ModelTrainer: Data Drift Detected in 'CREDDEBT'! Train Mean: 1.55 -> Test Mean: 2.64 (Shift: 69.8%)
2026-09-28 13:34:46,340 [WARNING] ModelTrainer: Data Drift Detected in 'OTHDEBT'! Train Mean: 3.06 -> Test Mean: 4.06 (Shift: 32.6%)
2026-09-28 13:34:46,340 [INFO] ModelTrainer: Pipeline execution complete.
2026-09-28 13:50:51,593 [INFO] ModelTrainer: ==================================================
2026-09-28 13:50:51,593 [INFO] ModelTrainer: Starting Bank Loan Model Training Pipeline
2026-09-28 13:50:51,593 [INFO] ModelTrainer: ==================================================
2026-09-28 13:50:51,595 [INFO] ModelTrainer: Loaded training data 'BANK LOAN.csv' (700 rows, 8 columns)
2026-09-28 13:50:51,595 [INFO] ModelTrainer: Identified target column: 'DEFAULTER'
2026-09-28 13:50:51,596 [INFO] ModelTrainer: Feature set initialized with 6 variables: ['AGE', 'EMPLOY', 'ADDRESS', 'DEBTINC', 'CREDDEBT', 'OTHDEBT']
2026-09-28 13:50:51,596 [INFO] ModelTrainer: Fitting Random Forest Classifier with 500 trees (random_state=42)...
2026-09-28 13:50:52,141 [INFO] ModelTrainer: Random Forest training completed successfully.
2026-09-28 13:50:52,186 [INFO] ModelTrainer: Training Set Accuracy: 89.43%
2026-09-28 13:50:52,289 [INFO] ModelTrainer: Saved model artifacts: 'rf_bank_model.pkl' and 'model_features.pkl'
2026-09-28 13:50:52,291 [INFO] ModelTrainer: Loaded test data 'BANK_LOAN_TEST.csv' (10 rows)
2026-09-28 13:50:52,318 [INFO] ModelTrainer: Saved test predictions to 'BANK_LOAN_TEST_Predictions.csv'
2026-09-28 13:50:52,318 [INFO] ModelTrainer: Running Data Drift Detection (Threshold: 10%)...
2026-09-28 13:50:52,318 [WARNING] ModelTrainer: Data Drift Detected in 'AGE'! Train Mean: 1.90 -> Test Mean: 2.10 (Shift: 10.4%)
2026-09-28 13:50:52,319 [WARNING] ModelTrainer: Data Drift Detected in 'DEBTINC'! Train Mean: 10.26 -> Test Mean: 14.00 (Shift: 36.4%)
2026-09-28 13:50:52,319 [WARNING] ModelTrainer: Data Drift Detected in 'CREDDEBT'! Train Mean: 1.55 -> Test Mean: 2.64 (Shift: 69.8%)
2026-09-28 13:50:52,319 [WARNING] ModelTrainer: Data Drift Detected in 'OTHDEBT'! Train Mean: 3.06 -> Test Mean: 4.06 (Shift: 32.6%)
2026-09-28 13:50:52,319 [INFO] ModelTrainer: Pipeline execution complete.
2026-09-28 13:53:15,989 [INFO] ModelTrainer: ==================================================
2026-09-28 13:53:15,989 [INFO] ModelTrainer: Starting Bank Loan Model Training Pipeline
2026-09-28 13:53:15,989 [INFO] ModelTrainer: ==================================================
2026-09-28 13:53:15,991 [INFO] ModelTrainer: Loaded training data 'BANK LOAN.csv' (700 rows, 8 columns)
2026-09-28 13:53:15,991 [INFO] ModelTrainer: Identified target column: 'DEFAULTER'
2026-09-28 13:53:15,992 [INFO] ModelTrainer: Feature set initialized with 6 variables: ['AGE', 'EMPLOY', 'ADDRESS', 'DEBTINC', 'CREDDEBT', 'OTHDEBT']
2026-09-28 13:53:15,992 [INFO] ModelTrainer: Fitting Random Forest Classifier with 500 trees (random_state=42)...
2026-09-28 13:53:16,542 [INFO] ModelTrainer: Random Forest training completed successfully.
2026-09-28 13:53:16,583 [INFO] ModelTrainer: Training Set Accuracy: 89.43%
2026-09-28 13:53:16,685 [INFO] ModelTrainer: Saved model artifacts: 'rf_bank_model.pkl' and 'model_features.pkl'
2026-09-28 13:53:16,687 [INFO] ModelTrainer: Loaded test data 'BANK_LOAN_TEST.csv' (10 rows)
2026-09-28 13:53:16,713 [INFO] ModelTrainer: Saved test predictions to 'BANK_LOAN_TEST_Predictions.csv'
2026-09-28 13:53:16,713 [INFO] ModelTrainer: Running Data Drift Detection (Threshold: 10%)...
2026-09-28 13:53:16,715 [WARNING] ModelTrainer: Data Drift Detected in 'AGE'! Train Mean: 1.90 -> Test Mean: 2.10 (Shift: 10.4%)
2026-09-28 13:53:16,715 [WARNING] ModelTrainer: Data Drift Detected in 'DEBTINC'! Train Mean: 10.26 -> Test Mean: 14.00 (Shift: 36.4%)
2026-09-28 13:53:16,715 [WARNING] ModelTrainer: Data Drift Detected in 'CREDDEBT'! Train Mean: 1.55 -> Test Mean: 2.64 (Shift: 69.8%)
2026-09-28 13:53:16,716 [WARNING] ModelTrainer: Data Drift Detected in 'OTHDEBT'! Train Mean: 3.06 -> Test Mean: 4.06 (Shift: 32.6%)
2026-09-28 13:53:16,716 [INFO] ModelTrainer: Pipeline execution complete.
2026-09-28 13:54:56,194 [INFO] ModelTrainer: ==================================================
2026-09-28 13:54:56,194 [INFO] ModelTrainer: Starting Bank Loan Model Training Pipeline
2026-09-28 13:54:56,194 [INFO] ModelTrainer: ==================================================
2026-09-28 13:54:56,196 [INFO] ModelTrainer: Loaded training data 'BANK LOAN.csv' (700 rows, 8 columns)
2026-09-28 13:54:56,196 [INFO] ModelTrainer: Identified target column: 'DEFAULTER'
2026-09-28 13:54:56,197 [INFO] ModelTrainer: Feature set initialized with 6 variables: ['AGE', 'EMPLOY', 'ADDRESS', 'DEBTINC', 'CREDDEBT', 'OTHDEBT']
2026-09-28 13:54:56,197 [INFO] ModelTrainer: Fitting Random Forest Classifier with 500 trees (random_state=42)...
2026-09-28 13:54:56,744 [INFO] ModelTrainer: Random Forest training completed successfully.
2026-09-28 13:54:56,786 [INFO] ModelTrainer: Training Set Accuracy: 89.43%
2026-09-28 13:54:56,889 [INFO] ModelTrainer: Saved model artifacts: 'rf_bank_model.pkl' and 'model_features.pkl'
2026-09-28 13:54:56,891 [INFO] ModelTrainer: Loaded test data 'BANK_LOAN_TEST.csv' (10 rows)
2026-09-28 13:54:56,917 [INFO] ModelTrainer: Saved test predictions to 'BANK_LOAN_TEST_Predictions.csv'
2026-09-28 13:54:56,917 [INFO] ModelTrainer: Running Data Drift Detection (Threshold: 10%)...
2026-09-28 13:54:56,918 [WARNING] ModelTrainer: Data Drift Detected in 'AGE'! Train Mean: 1.90 -> Test Mean: 2.10 (Shift: 10.4%)
2026-09-28 13:54:56,918 [WARNING] ModelTrainer: Data Drift Detected in 'DEBTINC'! Train Mean: 10.26 -> Test Mean: 14.00 (Shift: 36.4%)
2026-09-28 13:54:56,919 [WARNING] ModelTrainer: Data Drift Detected in 'CREDDEBT'! Train Mean: 1.55 -> Test Mean: 2.64 (Shift: 69.8%)
2026-09-28 13:54:56,919 [WARNING] ModelTrainer: Data Drift Detected in 'OTHDEBT'! Train Mean: 3.06 -> Test Mean: 4.06 (Shift: 32.6%)
2026-09-28 13:54:56,919 [INFO] ModelTrainer: Pipeline execution complete.
